// Jest Snapshot v1, https://goo.gl/fbAQLP

exports[`<CityInput /> should work 1`] = `ShallowWrapper {}`;
