// Jest Snapshot v1, https://goo.gl/fbAQLP

exports[`<DOBInput /> should work 1`] = `ShallowWrapper {}`;
