// Jest Snapshot v1, https://goo.gl/fbAQLP

exports[`<FirstNameInput /> should work 1`] = `ShallowWrapper {}`;
