// Jest Snapshot v1, https://goo.gl/fbAQLP

exports[`<PhoneInput /> should work 1`] = `ShallowWrapper {}`;
