// Jest Snapshot v1, https://goo.gl/fbAQLP

exports[`<StreetInput /> should work 1`] = `ShallowWrapper {}`;
