// Jest Snapshot v1, https://goo.gl/fbAQLP

exports[`<ZIPInput /> should work 1`] = `ShallowWrapper {}`;
